// Jest Snapshot v1, https://goo.gl/fbAQLP

exports[`Add expense page should render correctly 1`] = `
<div>
  <div
    className="page-header"
  >
    <div
      className="container"
    >
      <h2
        className="page-header__title"
      >
        Add expense
      </h2>
    </div>
  </div>
  <div
    className="container"
  >
    <button
      className="button button--back"
    >
      Back
    </button>
    <ExpenseForm
      onSubmit={[Function]}
    />
  </div>
</div>
`;
