// Jest Snapshot v1, https://goo.gl/fbAQLP

exports[`404 Page should render correctly 1`] = `
<div
  className="not-found"
>
  <img
    alt="sad face"
    className="not-found__image"
    src="/images/sad.png"
  />
  <p
    className="not-found__text"
  >
    Uh oh, the page you were looking for does not exist.
  </p>
  <Link
    className="not-found__link"
    replace={false}
    to="/"
  >
    Go to home
  </Link>
</div>
`;
